\BOOKMARK [0][-]{chapter*.3}{\376\377\000I\000n\000t\000r\000o\000d\000u\000c\000c\000i\000\363\000n}{}% 1
\BOOKMARK [1][-]{section*.4}{\376\377\000P\000l\000a\000n\000t\000e\000a\000m\000i\000e\000n\000t\000o\000\040\000d\000e\000l\000\040\000P\000r\000o\000b\000l\000e\000m\000a}{chapter*.3}% 2
\BOOKMARK [1][-]{section*.4}{\376\377\000O\000b\000j\000e\000t\000i\000v\000o\000\040\000G\000e\000n\000e\000r\000a\000l}{chapter*.3}% 3
\BOOKMARK [1][-]{section*.4}{\376\377\000O\000b\000j\000e\000t\000i\000v\000o\000s\000\040\000E\000s\000p\000e\000c\000\355\000f\000i\000c\000o\000s}{chapter*.3}% 4
\BOOKMARK [1][-]{Item.4}{\376\377\000E\000s\000t\000a\000d\000o\000\040\000d\000e\000l\000\040\000A\000r\000t\000e}{chapter*.3}% 5
\BOOKMARK [2][-]{section*.5}{\376\377\000A\000n\000a\000l\000o\000g\000C\000o\000d\000e\000r}{Item.4}% 6
\BOOKMARK [2][-]{section*.5}{\376\377\000A\000n\000a\000l\000o\000g\000A\000g\000e\000n\000t}{Item.4}% 7
\BOOKMARK [2][-]{section*.5}{\376\377\000C\000i\000r\000c\000u\000i\000t\000L\000M}{Item.4}% 8
\BOOKMARK [1][-]{section*.5}{\376\377\000J\000u\000s\000t\000i\000f\000i\000c\000a\000c\000i\000\363\000n}{chapter*.3}% 9
\BOOKMARK [1][-]{section*.5}{\376\377\000L\000\355\000m\000i\000t\000e\000s\000\040\000y\000\040\000A\000l\000c\000a\000n\000c\000e\000s}{chapter*.3}% 10
\BOOKMARK [0][-]{chapter.1}{\376\377\000M\000a\000r\000c\000o\000\040\000T\000e\000\363\000r\000i\000c\000o}{}% 11
\BOOKMARK [1][-]{section.1.1}{\376\377\000M\000o\000d\000e\000l\000o\000s\000\040\000d\000e\000\040\000l\000e\000n\000g\000u\000a\000j\000e\000\040\000g\000r\000a\000n\000d\000e}{chapter.1}% 12
\BOOKMARK [1][-]{section.1.2}{\376\377\000S\000i\000s\000t\000e\000m\000a\000s\000\040\000m\000u\000l\000t\000i\000a\000g\000e\000n\000t\000e\000\040\000y\000\040\000o\000r\000q\000u\000e\000s\000t\000a\000c\000i\000\363\000n}{chapter.1}% 13
\BOOKMARK [2][-]{subsection.1.2.1}{\376\377\000L\000a\000n\000g\000G\000r\000a\000p\000h}{section.1.2}% 14
\BOOKMARK [2][-]{subsection.1.2.2}{\376\377\000L\000a\000n\000g\000F\000u\000s\000e}{section.1.2}% 15
\BOOKMARK [1][-]{section.1.3}{\376\377\000E\000n\000t\000r\000e\000n\000a\000m\000i\000e\000n\000t\000o\000\040\000d\000e\000\040\000A\000g\000e\000n\000t\000e\000s\000\040\000p\000a\000r\000a\000\040\000e\000l\000\040\000d\000i\000s\000e\000\361\000o\000\040\000d\000e\000\040\000c\000i\000r\000c\000u\000i\000t\000o\000s\000\040\000a\000n\000a\000l\000\363\000g\000i\000c\000o\000s}{chapter.1}% 16
\BOOKMARK [2][-]{subsection.1.3.1}{\376\377\000R\000e\000g\000l\000a\000s\000\040\000d\000e\000\040\000P\000r\000o\000m\000p\000t\000s}{section.1.3}% 17
\BOOKMARK [2][-]{subsection.1.3.2}{\376\377\000G\000e\000n\000e\000r\000a\000c\000i\000o\000n\000\040\000A\000u\000m\000e\000n\000t\000a\000d\000a\000\040\000p\000o\000r\000\040\000R\000e\000c\000u\000p\000e\000r\000a\000c\000i\000\363\000n\000\040\000\050\000R\000A\000G\000\051}{section.1.3}% 18
\BOOKMARK [2][-]{subsection.1.3.3}{\376\377\000S\000p\000i\000c\000e\000\040\000\050\000S\000i\000m\000u\000l\000a\000t\000i\000o\000n\000\040\000P\000r\000o\000g\000r\000a\000m\000\040\000w\000i\000t\000h\000\040\000I\000n\000t\000e\000g\000r\000a\000t\000e\000d\000\040\000C\000i\000r\000c\000u\000i\000t\000\040\000E\000m\000p\000h\000a\000s\000i\000s\000\051}{section.1.3}% 19
\BOOKMARK [2][-]{subsection.1.3.4}{\376\377\000P\000y\000S\000p\000i\000c\000e}{section.1.3}% 20
\BOOKMARK [0][-]{chapter.2}{\376\377\000D\000i\000s\000e\000\361\000o\000\040\000y\000\040\000d\000e\000s\000a\000r\000r\000o\000l\000l\000o\000\040\000d\000e\000l\000\040\000p\000r\000o\000y\000e\000c\000t\000o}{}% 21
\BOOKMARK [1][-]{section.2.1}{\376\377\000D\000i\000s\000e\000\361\000o\000\040\000C\000o\000n\000c\000e\000p\000t\000u\000a\000l}{chapter.2}% 22
\BOOKMARK [1][-]{section.2.2}{\376\377\000D\000e\000s\000c\000o\000m\000p\000o\000s\000i\000c\000i\000\363\000n\000\040\000f\000u\000n\000c\000i\000o\000n\000a\000l\000\040\000y\000\040\000c\000a\000s\000o\000s\000\040\000d\000e\000\040\000u\000s\000o}{chapter.2}% 23
\BOOKMARK [2][-]{subsection.2.2.1}{\376\377\000V\000i\000s\000t\000a\000\040\000f\000u\000n\000c\000i\000o\000n\000a\000l}{section.2.2}% 24
\BOOKMARK [2][-]{subsection.2.2.2}{\376\377\000M\000o\000d\000e\000l\000o\000\040\000d\000e\000\040\000c\000a\000s\000o\000s\000\040\000d\000e\000\040\000u\000s\000o}{section.2.2}% 25
\BOOKMARK [1][-]{section.2.3}{\376\377\000A\000r\000q\000u\000i\000t\000e\000c\000t\000u\000r\000a\000\040\000d\000e\000l\000\040\000s\000i\000s\000t\000e\000m\000a\000\040\000\050\000m\000o\000d\000e\000l\000o\000\040\000C\0004\000\051}{chapter.2}% 26
\BOOKMARK [2][-]{subsection.2.3.1}{\376\377\000N\000i\000v\000e\000l\000\040\0001\000\040\040\024\000\040\000C\000o\000n\000t\000e\000x\000t\000o}{section.2.3}% 27
\BOOKMARK [2][-]{subsection.2.3.2}{\376\377\000N\000i\000v\000e\000l\000\040\0002\000\040\040\024\000\040\000C\000o\000n\000t\000e\000n\000e\000d\000o\000r\000e\000s}{section.2.3}% 28
\BOOKMARK [2][-]{subsection.2.3.3}{\376\377\000N\000i\000v\000e\000l\000\040\0003\000\040\040\024\000\040\000C\000o\000m\000p\000o\000n\000e\000n\000t\000e\000s}{section.2.3}% 29
\BOOKMARK [1][-]{section.2.4}{\376\377\000C\000o\000m\000p\000o\000r\000t\000a\000m\000i\000e\000n\000t\000o\000\040\000d\000i\000n\000\341\000m\000i\000c\000o\000:\000\040\000f\000l\000u\000j\000o\000\040\000d\000e\000\040\000g\000e\000n\000e\000r\000a\000c\000i\000\363\000n}{chapter.2}% 30
\BOOKMARK [1][-]{section.2.5}{\376\377\000S\000\355\000n\000t\000e\000s\000i\000s\000\040\000d\000e\000l\000\040\000d\000i\000s\000e\000\361\000o}{chapter.2}% 31
\BOOKMARK [1][-]{section.2.6}{\376\377\000I\000n\000t\000r\000o\000d\000u\000c\000c\000i\000\363\000n}{chapter.2}% 32
\BOOKMARK [1][-]{section.2.7}{\376\377\000C\000\363\000d\000i\000g\000o\000\040\000f\000u\000e\000n\000t\000e\000\040\000d\000e\000l\000\040\000p\000r\000o\000y\000e\000c\000t\000o}{chapter.2}% 33
\BOOKMARK [1][-]{section.2.8}{\376\377\000P\000a\000n\000t\000a\000l\000l\000a\000s\000\040\000d\000e\000l\000\040\000p\000r\000o\000t\000o\000t\000i\000p\000o\000\040\000f\000u\000n\000c\000i\000o\000n\000a\000l}{chapter.2}% 34
\BOOKMARK [1][-]{section.2.9}{\376\377\000A\000n\000\341\000l\000i\000s\000i\000s\000\040\000d\000e\000\040\000s\000e\000g\000u\000r\000i\000d\000a\000d\000\040\000d\000e\000\040\000l\000a\000\040\000i\000m\000p\000l\000e\000m\000e\000n\000t\000a\000c\000i\000\363\000n}{chapter.2}% 35
\BOOKMARK [2][-]{subsection.2.9.1}{\376\377\000C\000o\000n\000t\000r\000o\000l\000e\000s\000\040\000i\000m\000p\000l\000e\000m\000e\000n\000t\000a\000d\000o\000s}{section.2.9}% 36
\BOOKMARK [2][-]{subsection.2.9.2}{\376\377\000C\000o\000r\000r\000e\000s\000p\000o\000n\000d\000e\000n\000c\000i\000a\000\040\000c\000o\000n\000\040\000l\000a\000s\000\040\000c\000a\000t\000e\000g\000o\000r\000\355\000a\000s\000\040\000d\000e\000\040\000r\000i\000e\000s\000g\000o\000\040\000O\000W\000A\000S\000P}{section.2.9}% 37
\BOOKMARK [2][-]{subsection.2.9.3}{\376\377\000R\000i\000e\000s\000g\000o\000s\000\040\000r\000e\000s\000i\000d\000u\000a\000l\000e\000s}{section.2.9}% 38
\BOOKMARK [0][-]{chapter.3}{\376\377\000P\000r\000u\000e\000b\000a\000s\000\040\000y\000\040\000A\000n\000\341\000l\000i\000s\000i\000s\000\040\000d\000e\000\040\000R\000e\000s\000u\000l\000t\000a\000d\000o\000s}{}% 39
\BOOKMARK [0][-]{chapter.4}{\376\377\000C\000o\000n\000c\000l\000u\000s\000i\000o\000n\000e\000s\000\040\000y\000\040\000T\000r\000a\000b\000a\000j\000o\000\040\000F\000u\000t\000u\000r\000o}{}% 40
\BOOKMARK [0][-]{chapter*.15}{\376\377\000R\000e\000f\000e\000r\000e\000n\000c\000i\000a\000s}{}% 41
\BOOKMARK [0][-]{appendix.A}{\376\377\000D\000i\000a\000g\000r\000a\000m\000a\000s\000\040\000d\000e\000\040\000c\000a\000s\000o\000s\000\040\000d\000e\000\040\000u\000s\000o}{}% 42
